// Jest Snapshot v1, https://goo.gl/fbAQLP

exports[`ts-package simple: README.md 1`] = `
"<header>
  <h1 align=\\"center\\">
    <a href=\\"https://github.com/guanghechen/guanghechen/tree/main/packages/waw#readme\\">@guanghechen/waw</a>
  </h1>
  <div align=\\"center\\">
    <a href=\\"https://www.npmjs.com/package/@guanghechen/waw\\">
      <img
        alt=\\"Npm Version\\"
        src=\\"https://img.shields.io/npm/v/@guanghechen/waw.svg\\"
      />
    </a>
    <a href=\\"https://www.npmjs.com/package/@guanghechen/waw\\">
      <img
        alt=\\"Npm Download\\"
        src=\\"https://img.shields.io/npm/dm/@guanghechen/waw.svg\\"
      />
    </a>
    <a href=\\"https://www.npmjs.com/package/@guanghechen/waw\\">
      <img
        alt=\\"Npm License\\"
        src=\\"https://img.shields.io/npm/l/@guanghechen/waw.svg\\"
      />
    </a>
    <a href=\\"#install\\">
      <img
        alt=\\"Module Formats: cjs, esm\\"
        src=\\"https://img.shields.io/badge/module_formats-cjs%2C%20esm-green.svg\\"
      />
    </a>
    <a href=\\"https://github.com/nodejs/node\\">
      <img
        alt=\\"Node.js Version\\"
        src=\\"https://img.shields.io/node/v/@guanghechen/waw\\"
      />
    </a>
    <a href=\\"https://github.com/prettier/prettier\\">
      <img
        alt=\\"Code Style: prettier\\"
        src=\\"https://img.shields.io/badge/code_style-prettier-ff69b4.svg?style=flat-square\\"
      />
    </a>
  </div>
</header>
<br/>


Some descriptions.

## Install

* npm

  \`\`\`bash
  npm install --save-dev @guanghechen/waw
  \`\`\`

* yarn

  \`\`\`bash
  yarn add --dev @guanghechen/waw
  \`\`\`

## Usage


## Related


[homepage]: https://github.com/guanghechen/guanghechen/tree/main/packages/waw#readme
"
`;

exports[`ts-package simple: package.json 1`] = `
"{
  \\"name\\": \\"@guanghechen/waw\\",
  \\"version\\": \\"<LATEST>\\",
  \\"description\\": \\"Some descriptions\\",
  \\"author\\": {
    \\"name\\": \\"guanghechen\\",
    \\"url\\": \\"https://github.com/guanghechen/\\"
  },
  \\"repository\\": {
    \\"type\\": \\"git\\",
    \\"url\\": \\"https://github.com/guanghechen/guanghechen.git\\",
    \\"directory\\": \\"packages/waw\\"
  },
  \\"homepage\\": \\"https://github.com/guanghechen/guanghechen/tree/main/packages/waw#readme\\",
  \\"keywords\\": [],
  \\"main\\": \\"lib/cjs/index.js\\",
  \\"module\\": \\"lib/esm/index.js\\",
  \\"types\\": \\"lib/types/index.d.ts\\",
  \\"source\\": \\"src/index.ts\\",
  \\"license\\": \\"MIT\\",
  \\"engines\\": {
    \\"node\\": \\">= 14.15.0\\"
  },
  \\"files\\": [
    \\"lib/\\",
    \\"!lib/**/*.js.map\\",
    \\"!lib/**/*.d.ts.map\\",
    \\"package.json\\",
    \\"CHANGELOG.md\\",
    \\"LICENSE\\",
    \\"README.md\\"
  ],
  \\"scripts\\": {
    \\"build\\": \\"cross-env NODE_ENV=production rollup -c rollup.config.js\\",
    \\"prebuild\\": \\"rimraf lib/ && tsc -p tsconfig.src.json --emitDeclarationOnly\\",
    \\"prepublishOnly\\": \\"cross-env ROLLUP_SHOULD_SOURCEMAP=false yarn build\\",
    \\"test\\": \\"cross-env TS_NODE_FILES=true jest --config ../../jest.config.js --rootDir .\\"
  },
  \\"devDependencies\\": {
    \\"@guanghechen/rollup-config\\": \\"^<LATEST>\\",
    \\"rollup\\": \\"2.40.0\\"
  }
}
"
`;

exports[`ts-package simple: rollup.config.js 1`] = `
"import createRollupConfig from '@guanghechen/rollup-config'
import manifest from './package.json'

const config = createRollupConfig({
  manifest,
  pluginOptions: {
    typescriptOptions: { tsconfig: 'tsconfig.src.json' },
  },
})

export default config
"
`;

exports[`ts-package simple: src/index.ts 1`] = `
"/**
 * Say hello.
 * @param name
 */
export function greet(name: string): void {
  console.log(\`Hello, \${name}!\`)
}
"
`;

exports[`ts-package simple: tsconfig.json 1`] = `
"{
  \\"extends\\": \\"../../tsconfig\\",
  \\"include\\": [\\"src\\", \\"script\\", \\"__test__\\"]
}
"
`;

exports[`ts-package simple: tsconfig.src.json 1`] = `
"{
  \\"extends\\": \\"../../tsconfig.settings\\",
  \\"compilerOptions\\": {
    \\"declarationDir\\": \\"lib/types\\",
    \\"rootDir\\": \\"src\\"
  },
  \\"include\\": [\\"src\\"]
}
"
`;
