// Jest Snapshot v1, https://goo.gl/fbAQLP

exports[`dependency collectAllDependencies: current repo 1`] = `
Array [
  "@guanghechen/locate-helper",
  "fs-extra",
  "graceful-fs",
  "jsonfile",
  "universalify",
]
`;

exports[`dependency collectAllDependencies: monorepo2 1`] = `
Array [
  "@babel/core",
  "@babel/code-frame",
  "@babel/highlight",
  "@babel/helper-validator-identifier",
  "chalk",
  "ansi-styles",
  "color-convert",
  "color-name",
  "supports-color",
  "has-flag",
  "js-tokens",
  "@babel/generator",
  "@babel/types",
  "to-fast-properties",
  "jsesc",
  "source-map",
  "@babel/helper-compilation-targets",
  "@babel/compat-data",
  "@babel/helper-validator-option",
  "browserslist",
  "caniuse-lite",
  "electron-to-chromium",
  "escalade",
  "node-releases",
  "picocolors",
  "semver",
  "lru-cache",
  "yallist",
  "@babel/helper-module-transforms",
  "@babel/helper-environment-visitor",
  "@babel/helper-module-imports",
  "@babel/helper-simple-access",
  "@babel/helper-split-export-declaration",
  "@babel/template",
  "@babel/parser",
  "@babel/traverse",
  "@babel/helper-function-name",
  "@babel/helper-get-function-arity",
  "@babel/helper-hoist-variables",
  "debug",
  "ms",
  "globals",
  "type-fest",
  "@babel/helpers",
  "convert-source-map",
  "safe-buffer",
  "gensync",
  "json5",
  "minimist",
  "rollup",
  "fsevents",
]
`;

exports[`dependency collectAllDependencies: normal-repo -- warnings 1`] = `
Array [
  "cannot find package.json for '@guanghechen/not-existed-repo'",
]
`;

exports[`dependency collectAllDependencies: normal-repo 1`] = `
Array [
  "@guanghechen/not-existed-repo",
  "rollup",
]
`;
