// Jest Snapshot v1, https://goo.gl/fbAQLP

exports[`mkdirsIfNotExists mkdirs logger 1`] = `
[
  [
    "[verb ] mkdirs: <$WORKSPACE$>/packages/helper-path/__test__/fixtures/basic--non-existed--2
",
  ],
]
`;
