// Jest Snapshot v1, https://goo.gl/fbAQLP

exports[`command funcs registerCommanderOptions: registered options 1`] = `
[
  [
    "--log-level <level>",
    "specify logger's level.",
  ],
  [
    "--log-name <name>",
    "specify logger's name.",
  ],
  [
    "--log-mode <'normal' | 'loose'>",
    "specify logger's name.",
  ],
  [
    "--log-flag <option>",
    "specify logger' option. [[no-]<date|title|colorful|inline>]",
    [Function],
    [],
  ],
]
`;
