// Jest Snapshot v1, https://goo.gl/fbAQLP

exports[`empty logger 1`] = `
[
  [
    "verb  [] empty: <$WORKSPACE$>/packages/helper-fs/__test__/fixtures/fictitiousDir_c4266163b919b
",
  ],
  [
    "verb  [] empty: <$WORKSPACE$>/packages/helper-fs/__test__/fixtures/fictitiousDir_c4266163b919b
",
  ],
]
`;

exports[`mkdirsIfNotExists mkdirs logger 1`] = `
[
  [
    "verb  [] mkdirs: <$WORKSPACE$>/packages/helper-fs/__test__/fixtures/basic--non-existed--2
",
  ],
]
`;
