// Jest Snapshot v1, https://goo.gl/fbAQLP

exports[`collectAllDependencies basic: current repo 1`] = `
[
  "@guanghechen/helper-path",
  "@guanghechen/invariant",
]
`;

exports[`collectAllDependencies basic: monorepo2 1`] = `
[
  "@babel/core",
  "@ampproject/remapping",
  "@jridgewell/gen-mapping",
  "@jridgewell/set-array",
  "@jridgewell/sourcemap-codec",
  "@jridgewell/trace-mapping",
  "@jridgewell/resolve-uri",
  "@babel/code-frame",
  "@babel/highlight",
  "@babel/helper-validator-identifier",
  "chalk",
  "ansi-styles",
  "color-convert",
  "color-name",
  "supports-color",
  "has-flag",
  "js-tokens",
  "@babel/generator",
  "@babel/types",
  "@babel/helper-string-parser",
  "to-fast-properties",
  "jsesc",
  "@babel/helper-compilation-targets",
  "@babel/compat-data",
  "@babel/helper-validator-option",
  "browserslist",
  "caniuse-lite",
  "electron-to-chromium",
  "node-releases",
  "update-browserslist-db",
  "escalade",
  "picocolors",
  "semver",
  "lru-cache",
  "yallist",
  "@babel/helper-module-transforms",
  "@babel/helper-environment-visitor",
  "@babel/helper-module-imports",
  "@babel/helper-simple-access",
  "@babel/helper-split-export-declaration",
  "@babel/template",
  "@babel/parser",
  "@babel/traverse",
  "@babel/helper-function-name",
  "@babel/helper-hoist-variables",
  "debug",
  "ms",
  "globals",
  "type-fest",
  "@babel/helpers",
  "convert-source-map",
  "safe-buffer",
  "gensync",
  "json5",
  "rollup",
  "fsevents",
]
`;

exports[`collectAllDependencies basic: normal-repo -- warnings 1`] = `
[
  "cannot find package.json for '@guanghechen/not-existed-repo'",
]
`;

exports[`collectAllDependencies basic: normal-repo 1`] = `
[
  "@guanghechen/not-existed-repo",
  "rollup",
]
`;
