// Jest Snapshot v1, https://goo.gl/fbAQLP

exports[`resolveModuleNameMapper basic: basic 1`] = `
{
  "^@/(.+)$": "<WORKSPACE>/fixtures/basic/src/$1",
}
`;

exports[`resolveModuleNameMapper custom tsconfig name: custom-tsconfig-name 1`] = `
{
  "^@/(.+)$": [
    "<WORKSPACE>/fixtures/custom-tsconfig-name/src/$1",
    "<WORKSPACE>/fixtures/custom-tsconfig-name/script/$1",
  ],
}
`;

exports[`tsMonorepoConfig 1`] = `
{
  "bail": true,
  "collectCoverage": false,
  "collectCoverageFrom": [
    "<rootDir>/cli.js",
    "<rootDir>/index.js",
    "<rootDir>/src/*.{js,jsx,ts,tsx}",
    "<rootDir>/src/**/*.{js,jsx,ts,tsx}",
  ],
  "coverageDirectory": "<rootDir>/coverage/",
  "coveragePathIgnorePatterns": [],
  "coverageProvider": "v8",
  "coverageReporters": [
    "text",
    "text-summary",
  ],
  "coverageThreshold": {
    "global": {
      "branches": 80,
      "functions": 80,
      "lines": 80,
      "statements": 80,
    },
  },
  "errorOnDeprecated": true,
  "moduleFileExtensions": [
    "ts",
    "tsx",
    "js",
    "jsx",
    "json",
    "node",
  ],
  "moduleNameMapper": {
    "^@/(.+)$": "<WORKSPACE>/fixtures/basic/src/$1",
  },
  "roots": [
    "<rootDir>/src",
  ],
  "testEnvironment": "node",
  "testEnvironmentOptions": {
    "url": "http://localhost/",
  },
  "testPathIgnorePatterns": [
    "/coverage/",
    "/lib/",
    "/node_modules/",
  ],
  "testRegex": "/(__test__)/[^/]+\\.spec\\.[jt]sx?$",
  "transform": {
    "^.+\\.tsx?$": [
      "ts-jest",
      {
        "tsconfig": "<rootDir>/tsconfig.json",
        "useESM": undefined,
      },
    ],
  },
  "verbose": true,
}
`;
