// Jest Snapshot v1, https://goo.gl/fbAQLP

exports[`collectAllDependencies basic: current repo 1`] = `
[
  "@babel/code-frame",
  "@babel/helper-validator-identifier",
  "@babel/highlight",
  "@rollup/plugin-commonjs",
  "@rollup/plugin-json",
  "@rollup/plugin-node-resolve",
  "@rollup/plugin-typescript",
  "@rollup/pluginutils",
  "@types/estree",
  "@types/resolve",
  "ansi-styles",
  "balanced-match",
  "brace-expansion",
  "builtin-modules",
  "chalk",
  "color-convert",
  "color-name",
  "commondir",
  "concat-map",
  "deepmerge",
  "estree-walker",
  "fs.realpath",
  "fsevents",
  "function-bind",
  "glob",
  "has",
  "has-flag",
  "inflight",
  "inherits",
  "is-builtin-module",
  "is-core-module",
  "is-module",
  "is-reference",
  "js-tokens",
  "magic-string",
  "minimatch",
  "once",
  "path-is-absolute",
  "path-parse",
  "picomatch",
  "resolve",
  "rollup",
  "rollup-plugin-dts",
  "sourcemap-codec",
  "supports-color",
  "supports-preserve-symlinks-flag",
  "tslib",
  "typescript",
  "wrappy",
]
`;

exports[`collectAllDependencies basic: monorepo2 1`] = `
[
  "fsevents",
  "rollup",
]
`;

exports[`collectAllDependencies basic: normal-repo -- warnings 1`] = `
[
  "no such file or directory: <$WORKSPACE$>/packages/rollup-config/__test__/fixtures/normal-repo/package.json",
]
`;

exports[`collectAllDependencies basic: normal-repo 1`] = `[]`;
